../Core/Src/main.c:72:9:Read_ADC_Value	16	static
../Core/Src/main.c:91:5:main	8	static
../Core/Src/main.c:176:6:SystemClock_Config	112	static
../Core/Src/main.c:224:13:MX_ADC_Init	24	static
../Core/Src/main.c:278:13:MX_I2C2_Init	8	static
../Core/Src/main.c:326:13:MX_SPI2_Init	8	static
../Core/Src/main.c:366:13:MX_TSC_Init	8	static
../Core/Src/main.c:409:13:MX_USB_PCD_Init	8	static
../Core/Src/main.c:441:13:MX_GPIO_Init	48	static
../Core/Src/main.c:489:6:Error_Handler	8	static,ignoring_inline_asm
