Archive member included to satisfy reference by file (symbol)

C:/stm.exe/STM32CubeIDE_1.16.1/STM32CubeIDE/plugins/com.st.stm32cube.ide.mcu.externaltools.gnu-tools-for-stm32.12.3.rel1.win32_1.0.200.202406191623/tools/bin/../lib/gcc/arm-none-eabi/12.3.1/../../../../arm-none-eabi/lib/thumb/v6-m/nofp\libc_nano.a(libc_a-exit.o)
                              C:/stm.exe/STM32CubeIDE_1.16.1/STM32CubeIDE/plugins/com.st.stm32cube.ide.mcu.externaltools.gnu-tools-for-stm32.12.3.rel1.win32_1.0.200.202406191623/tools/bin/../lib/gcc/arm-none-eabi/12.3.1/../../../../arm-none-eabi/lib/thumb/v6-m/nofp/crt0.o (exit)
C:/stm.exe/STM32CubeIDE_1.16.1/STM32CubeIDE/plugins/com.st.stm32cube.ide.mcu.externaltools.gnu-tools-for-stm32.12.3.rel1.win32_1.0.200.202406191623/tools/bin/../lib/gcc/arm-none-eabi/12.3.1/../../../../arm-none-eabi/lib/thumb/v6-m/nofp\libc_nano.a(libc_a-findfp.o)
                              C:/stm.exe/STM32CubeIDE_1.16.1/STM32CubeIDE/plugins/com.st.stm32cube.ide.mcu.externaltools.gnu-tools-for-stm32.12.3.rel1.win32_1.0.200.202406191623/tools/bin/../lib/gcc/arm-none-eabi/12.3.1/../../../../arm-none-eabi/lib/thumb/v6-m/nofp\libc_nano.a(libc_a-exit.o) (__stdio_exit_handler)
C:/stm.exe/STM32CubeIDE_1.16.1/STM32CubeIDE/plugins/com.st.stm32cube.ide.mcu.externaltools.gnu-tools-for-stm32.12.3.rel1.win32_1.0.200.202406191623/tools/bin/../lib/gcc/arm-none-eabi/12.3.1/../../../../arm-none-eabi/lib/thumb/v6-m/nofp\libc_nano.a(libc_a-fwalk.o)
                              C:/stm.exe/STM32CubeIDE_1.16.1/STM32CubeIDE/plugins/com.st.stm32cube.ide.mcu.externaltools.gnu-tools-for-stm32.12.3.rel1.win32_1.0.200.202406191623/tools/bin/../lib/gcc/arm-none-eabi/12.3.1/../../../../arm-none-eabi/lib/thumb/v6-m/nofp\libc_nano.a(libc_a-findfp.o) (_fwalk_sglue)
C:/stm.exe/STM32CubeIDE_1.16.1/STM32CubeIDE/plugins/com.st.stm32cube.ide.mcu.externaltools.gnu-tools-for-stm32.12.3.rel1.win32_1.0.200.202406191623/tools/bin/../lib/gcc/arm-none-eabi/12.3.1/../../../../arm-none-eabi/lib/thumb/v6-m/nofp\libc_nano.a(libc_a-stdio.o)
                              C:/stm.exe/STM32CubeIDE_1.16.1/STM32CubeIDE/plugins/com.st.stm32cube.ide.mcu.externaltools.gnu-tools-for-stm32.12.3.rel1.win32_1.0.200.202406191623/tools/bin/../lib/gcc/arm-none-eabi/12.3.1/../../../../arm-none-eabi/lib/thumb/v6-m/nofp\libc_nano.a(libc_a-findfp.o) (__sread)
C:/stm.exe/STM32CubeIDE_1.16.1/STM32CubeIDE/plugins/com.st.stm32cube.ide.mcu.externaltools.gnu-tools-for-stm32.12.3.rel1.win32_1.0.200.202406191623/tools/bin/../lib/gcc/arm-none-eabi/12.3.1/../../../../arm-none-eabi/lib/thumb/v6-m/nofp\libc_nano.a(libc_a-memset.o)
                              C:/stm.exe/STM32CubeIDE_1.16.1/STM32CubeIDE/plugins/com.st.stm32cube.ide.mcu.externaltools.gnu-tools-for-stm32.12.3.rel1.win32_1.0.200.202406191623/tools/bin/../lib/gcc/arm-none-eabi/12.3.1/../../../../arm-none-eabi/lib/thumb/v6-m/nofp/crt0.o (memset)
C:/stm.exe/STM32CubeIDE_1.16.1/STM32CubeIDE/plugins/com.st.stm32cube.ide.mcu.externaltools.gnu-tools-for-stm32.12.3.rel1.win32_1.0.200.202406191623/tools/bin/../lib/gcc/arm-none-eabi/12.3.1/../../../../arm-none-eabi/lib/thumb/v6-m/nofp\libc_nano.a(libc_a-closer.o)
                              C:/stm.exe/STM32CubeIDE_1.16.1/STM32CubeIDE/plugins/com.st.stm32cube.ide.mcu.externaltools.gnu-tools-for-stm32.12.3.rel1.win32_1.0.200.202406191623/tools/bin/../lib/gcc/arm-none-eabi/12.3.1/../../../../arm-none-eabi/lib/thumb/v6-m/nofp\libc_nano.a(libc_a-stdio.o) (_close_r)
C:/stm.exe/STM32CubeIDE_1.16.1/STM32CubeIDE/plugins/com.st.stm32cube.ide.mcu.externaltools.gnu-tools-for-stm32.12.3.rel1.win32_1.0.200.202406191623/tools/bin/../lib/gcc/arm-none-eabi/12.3.1/../../../../arm-none-eabi/lib/thumb/v6-m/nofp\libc_nano.a(libc_a-reent.o)
                              C:/stm.exe/STM32CubeIDE_1.16.1/STM32CubeIDE/plugins/com.st.stm32cube.ide.mcu.externaltools.gnu-tools-for-stm32.12.3.rel1.win32_1.0.200.202406191623/tools/bin/../lib/gcc/arm-none-eabi/12.3.1/../../../../arm-none-eabi/lib/thumb/v6-m/nofp\libc_nano.a(libc_a-closer.o) (errno)
C:/stm.exe/STM32CubeIDE_1.16.1/STM32CubeIDE/plugins/com.st.stm32cube.ide.mcu.externaltools.gnu-tools-for-stm32.12.3.rel1.win32_1.0.200.202406191623/tools/bin/../lib/gcc/arm-none-eabi/12.3.1/../../../../arm-none-eabi/lib/thumb/v6-m/nofp\libc_nano.a(libc_a-impure.o)
                              C:/stm.exe/STM32CubeIDE_1.16.1/STM32CubeIDE/plugins/com.st.stm32cube.ide.mcu.externaltools.gnu-tools-for-stm32.12.3.rel1.win32_1.0.200.202406191623/tools/bin/../lib/gcc/arm-none-eabi/12.3.1/../../../../arm-none-eabi/lib/thumb/v6-m/nofp\libc_nano.a(libc_a-reent.o) (_impure_ptr)
C:/stm.exe/STM32CubeIDE_1.16.1/STM32CubeIDE/plugins/com.st.stm32cube.ide.mcu.externaltools.gnu-tools-for-stm32.12.3.rel1.win32_1.0.200.202406191623/tools/bin/../lib/gcc/arm-none-eabi/12.3.1/../../../../arm-none-eabi/lib/thumb/v6-m/nofp\libc_nano.a(libc_a-lseekr.o)
[...]
Memory Configuration

Name             Origin             Length             Attributes
RAM              0x20000000         0x00004000         xrw
FLASH            0x08000000         0x00020000         xr
*default*        0x00000000         0xffffffff

Linker script and memory map

LOAD C:/stm.exe/STM32CubeIDE_1.16.1/STM32CubeIDE/plugins/com.st.stm32cube.ide.mcu.externaltools.gnu-tools-for-stm32.12.3.rel1.win32_1.0.200.202406191623/tools/bin/../lib/gcc/arm-none-eabi/12.3.1/thumb/v6-m/nofp/crti.o
LOAD C:/stm.exe/STM32CubeIDE_1.16.1/STM32CubeIDE/plugins/com.st.stm32cube.ide.mcu.externaltools.gnu-tools-for-stm32.12.3.rel1.win32_1.0.200.202406191623/tools/bin/../lib/gcc/arm-none-eabi/12.3.1/thumb/v6-m/nofp/crtbegin.o
LOAD C:/stm.exe/STM32CubeIDE_1.16.1/STM32CubeIDE/plugins/com.st.stm32cube.ide.mcu.externaltools.gnu-tools-for-stm32.12.3.rel1.win32_1.0.200.202406191623/tools/bin/../lib/gcc/arm-none-eabi/12.3.1/../../../../arm-none-eabi/lib/thumb/v6-m/nofp/crt0.o
LOAD ./Core/Src/main.o
LOAD ./Core/Src/stm32f0xx_hal_msp.o
LOAD ./Core/Src/stm32f0xx_it.o
LOAD ./Core/Src/syscalls.o
LOAD ./Core/Src/sysmem.o
LOAD ./Core/Src/system_stm32f0xx.o
LOAD ./Core/Startup/startup_stm32f072rbtx.o
LOAD ./Drivers/STM32F0xx_HAL_Driver/Src/stm32f0xx_hal.o
LOAD ./Drivers/STM32F0xx_HAL_Driver/Src/stm32f0xx_hal_cortex.o
LOAD ./Drivers/STM32F0xx_HAL_Driver/Src/stm32f0xx_hal_dma.o
LOAD ./Drivers/STM32F0xx_HAL_Driver/Src/stm32f0xx_hal_exti.o
LOAD ./Drivers/STM32F0xx_HAL_Driver/Src/stm32f0xx_hal_flash.o
LOAD ./Drivers/STM32F0xx_HAL_Driver/Src/stm32f0xx_hal_flash_ex.o
LOAD ./Drivers/STM32F0xx_HAL_Driver/Src/stm32f0xx_hal_gpio.o
LOAD ./Drivers/STM32F0xx_HAL_Driver/Src/stm32f0xx_hal_i2c.o
LOAD ./Drivers/STM32F0xx_HAL_Driver/Src/stm32f0xx_hal_i2c_ex.o
LOAD ./Drivers/STM32F0xx_HAL_Driver/Src/stm32f0xx_hal_pcd.o
LOAD ./Drivers/STM32F0xx_HAL_Driver/Src/stm32f0xx_hal_pcd_ex.o
LOAD ./Drivers/STM32F0xx_HAL_Driver/Src/stm32f0xx_hal_pwr.o
LOAD ./Drivers/STM32F0xx_HAL_Driver/Src/stm32f0xx_hal_pwr_ex.o
LOAD ./Drivers/STM32F0xx_HAL_Driver/Src/stm32f0xx_hal_rcc.o
LOAD ./Drivers/STM32F0xx_HAL_Driver/Src/stm32f0xx_hal_rcc_ex.o
LOAD ./Drivers/STM32F0xx_HAL_Driver/Src/stm32f0xx_hal_spi.o
LOAD ./Drivers/STM32F0xx_HAL_Driver/Src/stm32f0xx_hal_spi_ex.o
LOAD ./Drivers/STM32F0xx_HAL_Driver/Src/stm32f0xx_hal_tim.o
LOAD ./Drivers/STM32F0xx_HAL_Driver/Src/stm32f0xx_hal_tim_ex.o
LOAD ./Drivers/STM32F0xx_HAL_Driver/Src/stm32f0xx_hal_tsc.o
LOAD ./Drivers/STM32F0xx_HAL_Driver/Src/stm32f0xx_hal_uart.o
LOAD ./Drivers/STM32F0xx_HAL_Driver/Src/stm32f0xx_hal_uart_ex.o
LOAD ./Drivers/STM32F0xx_HAL_Driver/Src/stm32f0xx_ll_usb.o
START GROUP
LOAD C:/stm.exe/STM32CubeIDE_1.16.1/STM32CubeIDE/plugins/com.st.stm32cube.ide.mcu.externaltools.gnu-tools-for-stm32.12.3.rel1.win32_1.0.200.202406191623/tools/bin/../lib/gcc/arm-none-eabi/12.3.1/../../../../arm-none-eabi/lib/thumb/v6-m/nofp\libc_nano.a
LOAD C:/stm.exe/STM32CubeIDE_1.16.1/STM32CubeIDE/plugins/com.st.stm32cube.ide.mcu.externaltools.gnu-tools-for-stm32.12.3.rel1.win32_1.0.200.202406191623/tools/bin/../lib/gcc/arm-none-eabi/12.3.1/../../../../arm-none-eabi/lib/thumb/v6-m/nofp\libm.a
END GROUP
START GROUP
LOAD C:/stm.exe/STM32CubeIDE_1.16.1/STM32CubeIDE/plugins/com.st.stm32cube.ide.mcu.externaltools.gnu-tools-for-stm32.12.3.rel1.win32_1.0.200.202406191623/tools/bin/../lib/gcc/arm-none-eabi/12.3.1/thumb/v6-m/nofp\libgcc.a
LOAD C:/stm.exe/STM32CubeIDE_1.16.1/STM32CubeIDE/plugins/com.st.stm32cube.ide.mcu.externaltools.gnu-tools-for-stm32.12.3.rel1.win32_1.0.200.202406191623/tools/bin/../lib/gcc/arm-none-eabi/12.3.1/../../../../arm-none-eabi/lib/thumb/v6-m/nofp\libc_nano.a
END GROUP
START GROUP
LOAD C:/stm.exe/STM32CubeIDE_1.16.1/STM32CubeIDE/plugins/com.st.stm32cube.ide.mcu.externaltools.gnu-tools-for-stm32.12.3.rel1.win32_1.0.200.202406191623/tools/bin/../lib/gcc/arm-none-eabi/12.3.1/thumb/v6-m/nofp\libgcc.a
LOAD C:/stm.exe/STM32CubeIDE_1.16.1/STM32CubeIDE/plugins/com.st.stm32cube.ide.mcu.externaltools.gnu-tools-for-stm32.12.3.rel1.win32_1.0.200.202406191623/tools/bin/../lib/gcc/arm-none-eabi/12.3.1/../../../../arm-none-eabi/lib/thumb/v6-m/nofp\libc_nano.a
LOAD C:/stm.exe/STM32CubeIDE_1.16.1/STM32CubeIDE/plugins/com.st.stm32cube.ide.mcu.externaltools.gnu-tools-for-stm32.12.3.rel1.win32_1.0.200.202406191623/tools/bin/../lib/gcc/arm-none-eabi/12.3.1/../../../../arm-none-eabi/lib/thumb/v6-m/nofp\libnosys.a
END GROUP
START GROUP
LOAD C:/stm.exe/STM32CubeIDE_1.16.1/STM32CubeIDE/plugins/com.st.stm32cube.ide.mcu.externaltools.gnu-tools-for-stm32.12.3.rel1.win32_1.0.200.202406191623/tools/bin/../lib/gcc/arm-none-eabi/12.3.1/thumb/v6-m/nofp\libgcc.a
LOAD C:/stm.exe/STM32CubeIDE_1.16.1/STM32CubeIDE/plugins/com.st.stm32cube.ide.mcu.externaltools.gnu-tools-for-stm32.12.3.rel1.win32_1.0.200.202406191623/tools/bin/../lib/gcc/arm-none-eabi/12.3.1/../../../../arm-none-eabi/lib/thumb/v6-m/nofp\libc_nano.a
LOAD C:/stm.exe/STM32CubeIDE_1.16.1/STM32CubeIDE/plugins/com.st.stm32cube.ide.mcu.externaltools.gnu-tools-for-stm32.12.3.rel1.win32_1.0.200.202406191623/tools/bin/../lib/gcc/arm-none-eabi/12.3.1/../../../../arm-none-eabi/lib/thumb/v6-m/nofp\libnosys.a
END GROUP
LOAD C:/stm.exe/STM32CubeIDE_1.16.1/STM32CubeIDE/plugins/com.st.stm32cube.ide.mcu.externaltools.gnu-tools-for-stm32.12.3.rel1.win32_1.0.200.202406191623/tools/bin/../lib/gcc/arm-none-eabi/12.3.1/thumb/v6-m/nofp/crtend.o
LOAD C:/stm.exe/STM32CubeIDE_1.16.1/STM32CubeIDE/plugins/com.st.stm32cube.ide.mcu.externaltools.gnu-tools-for-stm32.12.3.rel1.win32_1.0.200.202406191623/tools/bin/../lib/gcc/arm-none-eabi/12.3.1/thumb/v6-m/nofp/crtn.o
                0x20004000                        _estack = (ORIGIN (RAM) + LENGTH (RAM))
                0x00000200                        _Min_Heap_Size = 0x200
                0x00000400                        _Min_Stack_Size = 0x400

.isr_vector     0x08000000       0xc0
                0x08000000                        . = ALIGN (0x4)
 *(.isr_vector)
 .isr_vector    0x08000000       0xc0 ./Core/Startup/startup_stm32f072rbtx.o
                0x08000000                g_pfnVectors
                0x080000c0                        . = ALIGN (0x4)

.text           0x080000c0     0x3b20
                0x080000c0                        . = ALIGN (0x4)
 *(.text)
 .text          0x080000c0       0x48 C:/stm.exe/STM32CubeIDE_1.16.1/STM32CubeIDE/plugins/com.st.stm32cube.ide.mcu.externaltools.gnu-tools-for-stm32.12.3.rel1.win32_1.0.200.202406191623/tools/bin/../lib/gcc/arm-none-eabi/12.3.1/thumb/v6-m/nofp/crtbegin.o
 .text          0x08000108      0x114 C:/stm.exe/STM32CubeIDE_1.16.1/STM32CubeIDE/plugins/com.st.stm32cube.ide.mcu.externaltools.gnu-tools-for-stm32.12.3.rel1.win32_1.0.200.202406191623/tools/bin/../lib/gcc/arm-none-eabi/12.3.1/thumb/v6-m/nofp\libgcc.a(_udivsi3.o)
                0x08000108                __aeabi_uidiv
                0x08000108                __udivsi3
                0x08000214                __aeabi_uidivmod
 .text          0x0800021c        0x4 C:/stm.exe/STM32CubeIDE_1.16.1/STM32CubeIDE/plugins/com.st.stm32cube.ide.mcu.externaltools.gnu-tools-for-stm32.12.3.rel1.win32_1.0.200.202406191623/tools/bin/../lib/gcc/arm-none-eabi/12.3.1/thumb/v6-m/nofp\libgcc.a(_dvmd_tls.o)
                0x0800021c                __aeabi_idiv0
                0x0800021c                __aeabi_ldiv0
 *(.text*)
 .text.main     0x08000220       0x68 ./Core/Src/main.o
                0x08000220                main
 .text.SystemClock_Config
                0x08000288       0xd4 ./Core/Src/main.o
                0x08000288                SystemClock_Config
 .text.MX_I2C2_Init
                0x0800035c       0x80 ./Core/Src/main.o
 .text.MX_SPI2_Init
                0x080003dc       0x7c ./Core/Src/main.o
 .text.MX_TSC_Init
                0x08000458       0x88 ./Core/Src/main.o
 .text.MX_USART1_UART_Init
                0x080004e0       0x60 ./Core/Src/main.o
 .text.MX_USB_PCD_Init
                0x08000540       0x4c ./Core/Src/main.o
 .text.MX_GPIO_Init
                0x0800058c       0xf8 ./Core/Src/main.o
 .text.SendPongMessage
                0x08000684       0x30 ./Core/Src/main.o
                0x08000684                SendPongMessage
 .text.HAL_UART_RxCpltCallback
                0x080006b4       0x5c ./Core/Src/main.o
                0x080006b4                HAL_UART_RxCpltCallback
 .text.Error_Handler
                0x08000710        0xc ./Core/Src/main.o
                0x08000710                Error_Handler
 .text.HAL_MspInit
                0x0800071c       0x48 ./Core/Src/stm32f0xx_hal_msp.o
                0x0800071c                HAL_MspInit
 .text.HAL_I2C_MspInit
                0x08000764       0x9c ./Core/Src/stm32f0xx_hal_msp.o
                0x08000764                HAL_I2C_MspInit
 .text.HAL_SPI_MspInit
                0x08000800       0x9c ./Core/Src/stm32f0xx_hal_msp.o
                0x08000800                HAL_SPI_MspInit
 .text.HAL_TSC_MspInit
                0x0800089c      0x13c ./Core/Src/stm32f0xx_hal_msp.o
                0x0800089c                HAL_TSC_MspInit
 .text.HAL_UART_MspInit
                0x080009d8       0xac ./Core/Src/stm32f0xx_hal_msp.o
                0x080009d8                HAL_UART_MspInit
 .text.HAL_PCD_MspInit
                0x08000a84       0x40 ./Core/Src/stm32f0xx_hal_msp.o
                0x08000a84                HAL_PCD_MspInit
 .text.NMI_Handler
                0x08000ac4        0x8 ./Core/Src/stm32f0xx_it.o
                0x08000ac4                NMI_Handler
 .text.HardFault_Handler
                0x08000acc        0x8 ./Core/Src/stm32f0xx_it.o
                0x08000acc                HardFault_Handler
 .text.SVC_Handler
                0x08000ad4        0xa ./Core/Src/stm32f0xx_it.o
                0x08000ad4                SVC_Handler
 .text.PendSV_Handler
                0x08000ade        0xa ./Core/Src/stm32f0xx_it.o
                0x08000ade                PendSV_Handler
 .text.SysTick_Handler
                0x08000ae8        0xe ./Core/Src/stm32f0xx_it.o
                0x08000ae8                SysTick_Handler
 *fill*         0x08000af6        0x2 
 .text.USART1_IRQHandler
                0x08000af8       0x18 ./Core/Src/stm32f0xx_it.o
                0x08000af8                USART1_IRQHandler
 .text.SystemInit
                0x08000b10        0xa ./Core/Src/system_stm32f0xx.o
                0x08000b10                SystemInit
 *fill*         0x08000b1a        0x2 
 .text.Reset_Handler
                0x08000b1c       0x50 ./Core/Startup/startup_stm32f072rbtx.o
                0x08000b1c                Reset_Handler
 .text.Default_Handler
                0x08000b6c        0x2 ./Core/Startup/startup_stm32f072rbtx.o
                0x08000b6c                TIM1_CC_IRQHandler
                0x08000b6c                TSC_IRQHandler
                0x08000b6c                ADC1_COMP_IRQHandler
                0x08000b6c                I2C1_IRQHandler
                0x08000b6c                RCC_CRS_IRQHandler
                0x08000b6c                SPI1_IRQHandler
                0x08000b6c                TIM6_DAC_IRQHandler
                0x08000b6c                USART3_4_IRQHandler
                0x08000b6c                EXTI2_3_IRQHandler
                0x08000b6c                I2C2_IRQHandler
                0x08000b6c                TIM17_IRQHandler
                0x08000b6c                CEC_CAN_IRQHandler
                0x08000b6c                RTC_IRQHandler
                0x08000b6c                PVD_VDDIO2_IRQHandler
                0x08000b6c                DMA1_Channel4_5_6_7_IRQHandler
                0x08000b6c                TIM16_IRQHandler
                0x08000b6c                TIM3_IRQHandler
                0x08000b6c                EXTI4_15_IRQHandler
                0x08000b6c                DMA1_Channel1_IRQHandler
                0x08000b6c                Default_Handler
                0x08000b6c                TIM14_IRQHandler
                0x08000b6c                TIM7_IRQHandler
                0x08000b6c                TIM15_IRQHandler
                0x08000b6c                EXTI0_1_IRQHandler
                0x08000b6c                USB_IRQHandler
                0x08000b6c                SPI2_IRQHandler
                0x08000b6c                WWDG_IRQHandler
                0x08000b6c                TIM2_IRQHandler
                0x08000b6c                DMA1_Channel2_3_IRQHandler
                0x08000b6c                USART2_IRQHandler
                0x08000b6c                FLASH_IRQHandler
                0x08000b6c                TIM1_BRK_UP_TRG_COM_IRQHandler
 *fill*         0x08000b6e        0x2 
 .text.HAL_Init
                0x08000b70       0x28 ./Drivers/STM32F0xx_HAL_Driver/Src/stm32f0xx_hal.o
                0x08000b70                HAL_Init
 .text.HAL_InitTick
                0x08000b98       0x68 ./Drivers/STM32F0xx_HAL_Driver/Src/stm32f0xx_hal.o
                0x08000b98                HAL_InitTick
 .text.HAL_IncTick
                0x08000c00       0x24 ./Drivers/STM32F0xx_HAL_Driver/Src/stm32f0xx_hal.o
                0x08000c00                HAL_IncTick
 .text.HAL_GetTick
                0x08000c24       0x14 ./Drivers/STM32F0xx_HAL_Driver/Src/stm32f0xx_hal.o
                0x08000c24                HAL_GetTick
 .text.__NVIC_EnableIRQ
                0x08000c38       0x34 ./Drivers/STM32F0xx_HAL_Driver/Src/stm32f0xx_hal_cortex.o
 .text.__NVIC_SetPriority
                0x08000c6c       0xdc ./Drivers/STM32F0xx_HAL_Driver/Src/stm32f0xx_hal_cortex.o
 .text.SysTick_Config
                0x08000d48       0x48 ./Drivers/STM32F0xx_HAL_Driver/Src/stm32f0xx_hal_cortex.o
 .text.HAL_NVIC_SetPriority
                0x08000d90       0x2a ./Drivers/STM32F0xx_HAL_Driver/Src/stm32f0xx_hal_cortex.o
                0x08000d90                HAL_NVIC_SetPriority
 .text.HAL_NVIC_EnableIRQ
                0x08000dba       0x20 ./Drivers/STM32F0xx_HAL_Driver/Src/stm32f0xx_hal_cortex.o
                0x08000dba                HAL_NVIC_EnableIRQ
 .text.HAL_SYSTICK_Config
                0x08000dda       0x1a ./Drivers/STM32F0xx_HAL_Driver/Src/stm32f0xx_hal_cortex.o
                0x08000dda                HAL_SYSTICK_Config
 .text.HAL_DMA_Abort
                0x08000df4       0x70 ./Drivers/STM32F0xx_HAL_Driver/Src/stm32f0xx_hal_dma.o
                0x08000df4                HAL_DMA_Abort
 .text.HAL_DMA_Abort_IT
                0x08000e64       0x8a ./Drivers/STM32F0xx_HAL_Driver/Src/stm32f0xx_hal_dma.o
                0x08000e64                HAL_DMA_Abort_IT
 *fill*         0x08000eee        0x2 
 .text.HAL_GPIO_Init
                0x08000ef0      0x2f0 ./Drivers/STM32F0xx_HAL_Driver/Src/stm32f0xx_hal_gpio.o
                0x08000ef0                HAL_GPIO_Init
 .text.HAL_GPIO_WritePin
                0x080011e0       0x3a ./Drivers/STM32F0xx_HAL_Driver/Src/stm32f0xx_hal_gpio.o
                0x080011e0                HAL_GPIO_WritePin
 *fill*         0x0800121a        0x2 
 .text.HAL_I2C_Init
                0x0800121c      0x14c ./Drivers/STM32F0xx_HAL_Driver/Src/stm32f0xx_hal_i2c.o
                0x0800121c                HAL_I2C_Init
 .text.HAL_I2CEx_ConfigAnalogFilter
                0x08001368       0x98 ./Drivers/STM32F0xx_HAL_Driver/Src/stm32f0xx_hal_i2c_ex.o
                0x08001368                HAL_I2CEx_ConfigAnalogFilter
 .text.HAL_I2CEx_ConfigDigitalFilter
                0x08001400       0x98 ./Drivers/STM32F0xx_HAL_Driver/Src/stm32f0xx_hal_i2c_ex.o
                0x08001400                HAL_I2CEx_ConfigDigitalFilter
 .text.HAL_PCD_Init
                0x08001498      0x1e8 ./Drivers/STM32F0xx_HAL_Driver/Src/stm32f0xx_hal_pcd.o
                0x08001498                HAL_PCD_Init
 .text.HAL_PCDEx_ActivateLPM
                0x08001680       0x54 ./Drivers/STM32F0xx_HAL_Driver/Src/stm32f0xx_hal_pcd_ex.o
                0x08001680                HAL_PCDEx_ActivateLPM
 .text.HAL_RCC_OscConfig
                0x080016d4      0x70c ./Drivers/STM32F0xx_HAL_Driver/Src/stm32f0xx_hal_rcc.o
                0x080016d4                HAL_RCC_OscConfig
 .text.HAL_RCC_ClockConfig
                0x08001de0      0x1b4 ./Drivers/STM32F0xx_HAL_Driver/Src/stm32f0xx_hal_rcc.o
                0x08001de0                HAL_RCC_ClockConfig
 .text.HAL_RCC_GetSysClockFreq
                0x08001f94       0xe4 ./Drivers/STM32F0xx_HAL_Driver/Src/stm32f0xx_hal_rcc.o
                0x08001f94                HAL_RCC_GetSysClockFreq
 .text.HAL_RCC_GetHCLKFreq
                0x08002078       0x14 ./Drivers/STM32F0xx_HAL_Driver/Src/stm32f0xx_hal_rcc.o
                0x08002078                HAL_RCC_GetHCLKFreq
 .text.HAL_RCC_GetPCLK1Freq
                0x0800208c       0x2c ./Drivers/STM32F0xx_HAL_Driver/Src/stm32f0xx_hal_rcc.o
                0x0800208c                HAL_RCC_GetPCLK1Freq
 .text.HAL_RCCEx_PeriphCLKConfig
                0x080020b8      0x1fc ./Drivers/STM32F0xx_HAL_Driver/Src/stm32f0xx_hal_rcc_ex.o
                0x080020b8                HAL_RCCEx_PeriphCLKConfig
 .text.HAL_SPI_Init
                0x080022b4      0x170 ./Drivers/STM32F0xx_HAL_Driver/Src/stm32f0xx_hal_spi.o
                0x080022b4                HAL_SPI_Init
 .text.HAL_TSC_Init
                0x08002424      0x104 ./Drivers/STM32F0xx_HAL_Driver/Src/stm32f0xx_hal_tsc.o
                0x08002424                HAL_TSC_Init
 .text.TSC_extract_groups
                0x08002528       0x46 ./Drivers/STM32F0xx_HAL_Driver/Src/stm32f0xx_hal_tsc.o
 *fill*         0x0800256e        0x2 
 .text.HAL_UART_Init
                0x08002570       0xa8 ./Drivers/STM32F0xx_HAL_Driver/Src/stm32f0xx_hal_uart.o
                0x08002570                HAL_UART_Init
 .text.HAL_UART_Transmit
                0x08002618      0x13e ./Drivers/STM32F0xx_HAL_Driver/Src/stm32f0xx_hal_uart.o
                0x08002618                HAL_UART_Transmit
 .text.HAL_UART_Receive_IT
                0x08002756       0xae ./Drivers/STM32F0xx_HAL_Driver/Src/stm32f0xx_hal_uart.o
                0x08002756                HAL_UART_Receive_IT
 .text.HAL_UART_IRQHandler
                0x08002804      0x5c0 ./Drivers/STM32F0xx_HAL_Driver/Src/stm32f0xx_hal_uart.o
                0x08002804                HAL_UART_IRQHandler
 .text.HAL_UART_TxCpltCallback
                0x08002dc4       0x10 ./Drivers/STM32F0xx_HAL_Driver/Src/stm32f0xx_hal_uart.o
                0x08002dc4                HAL_UART_TxCpltCallback
 .text.HAL_UART_ErrorCallback
                0x08002dd4       0x10 ./Drivers/STM32F0xx_HAL_Driver/Src/stm32f0xx_hal_uart.o
                0x08002dd4                HAL_UART_ErrorCallback
 .text.HAL_UARTEx_RxEventCallback
                0x08002de4       0x16 ./Drivers/STM32F0xx_HAL_Driver/Src/stm32f0xx_hal_uart.o
                0x08002de4                HAL_UARTEx_RxEventCallback
 *fill*         0x08002dfa        0x2 
 .text.UART_SetConfig
                0x08002dfc      0x310 ./Drivers/STM32F0xx_HAL_Driver/Src/stm32f0xx_hal_uart.o
                0x08002dfc                UART_SetConfig
 .text.UART_AdvFeatureConfig
                0x0800310c      0x168 ./Drivers/STM32F0xx_HAL_Driver/Src/stm32f0xx_hal_uart.o
                0x0800310c                UART_AdvFeatureConfig
 .text.UART_CheckIdleState
                0x08003274      0x150 ./Drivers/STM32F0xx_HAL_Driver/Src/stm32f0xx_hal_uart.o
                0x08003274                UART_CheckIdleState
 .text.UART_WaitOnFlagUntilTimeout
                0x080033c4       0xde ./Drivers/STM32F0xx_HAL_Driver/Src/stm32f0xx_hal_uart.o
                0x080033c4                UART_WaitOnFlagUntilTimeout
 *fill*         0x080034a2        0x2 
 .text.UART_Start_Receive_IT
                0x080034a4      0x194 ./Drivers/STM32F0xx_HAL_Driver/Src/stm32f0xx_hal_uart.o
                0x080034a4                UART_Start_Receive_IT
 .text.UART_EndRxTransfer
                0x08003638       0xc8 ./Drivers/STM32F0xx_HAL_Driver/Src/stm32f0xx_hal_uart.o
 .text.UART_DMAAbortOnError
                0x08003700       0x2e ./Drivers/STM32F0xx_HAL_Driver/Src/stm32f0xx_hal_uart.o
 .text.UART_EndTransmit_IT
                0x0800372e       0x56 ./Drivers/STM32F0xx_HAL_Driver/Src/stm32f0xx_hal_uart.o
 .text.UART_RxISR_8BIT
                0x08003784      0x1b8 ./Drivers/STM32F0xx_HAL_Driver/Src/stm32f0xx_hal_uart.o
 .text.UART_RxISR_16BIT
                0x0800393c      0x1b8 ./Drivers/STM32F0xx_HAL_Driver/Src/stm32f0xx_hal_uart.o
 .text.HAL_UARTEx_WakeupCallback
                0x08003af4       0x10 ./Drivers/STM32F0xx_HAL_Driver/Src/stm32f0xx_hal_uart_ex.o
                0x08003af4                HAL_UARTEx_WakeupCallback
 .text.USB_DisableGlobalInt
                0x08003b04       0x34 ./Drivers/STM32F0xx_HAL_Driver/Src/stm32f0xx_ll_usb.o
                0x08003b04                USB_DisableGlobalInt
 .text.USB_DevInit
                0x08003b38       0x38 ./Drivers/STM32F0xx_HAL_Driver/Src/stm32f0xx_ll_usb.o
                0x08003b38                USB_DevInit
 .text.memset   0x08003b70       0x10 C:/stm.exe/STM32CubeIDE_1.16.1/STM32CubeIDE/plugins/com.st.stm32cube.ide.mcu.externaltools.gnu-tools-for-stm32.12.3.rel1.win32_1.0.200.202406191623/tools/bin/../lib/gcc/arm-none-eabi/12.3.1/../../../../arm-none-eabi/lib/thumb/v6-m/nofp\libc_nano.a(libc_a-memset.o)
                0x08003b70                memset
 .text.__libc_init_array
                0x08003b80       0x48 C:/stm.exe/STM32CubeIDE_1.16.1/STM32CubeIDE/plugins/com.st.stm32cube.ide.mcu.externaltools.gnu-tools-for-stm32.12.3.rel1.win32_1.0.200.202406191623/tools/bin/../lib/gcc/arm-none-eabi/12.3.1/../../../../arm-none-eabi/lib/thumb/v6-m/nofp\libc_nano.a(libc_a-init.o)
                0x08003b80                __libc_init_array
 *(.glue_7)
 .glue_7        0x08003bc8        0x0 linker stubs
 *(.glue_7t)
 .glue_7t       0x08003bc8        0x0 linker stubs
 *(.eh_frame)
 .eh_frame      0x08003bc8        0x0 C:/stm.exe/STM32CubeIDE_1.16.1/STM32CubeIDE/plugins/com.st.stm32cube.ide.mcu.externaltools.gnu-tools-for-stm32.12.3.rel1.win32_1.0.200.202406191623/tools/bin/../lib/gcc/arm-none-eabi/12.3.1/thumb/v6-m/nofp/crtbegin.o
 *(.init)
 .init          0x08003bc8        0x4 C:/stm.exe/STM32CubeIDE_1.16.1/STM32CubeIDE/plugins/com.st.stm32cube.ide.mcu.externaltools.gnu-tools-for-stm32.12.3.rel1.win32_1.0.200.202406191623/tools/bin/../lib/gcc/arm-none-eabi/12.3.1/thumb/v6-m/nofp/crti.o
                0x08003bc8                _init
 .init          0x08003bcc        0x8 C:/stm.exe/STM32CubeIDE_1.16.1/STM32CubeIDE/plugins/com.st.stm32cube.ide.mcu.externaltools.gnu-tools-for-stm32.12.3.rel1.win32_1.0.200.202406191623/tools/bin/../lib/gcc/arm-none-eabi/12.3.1/thumb/v6-m/nofp/crtn.o
 *(.fini)
 .fini          0x08003bd4        0x4 C:/stm.exe/STM32CubeIDE_1.16.1/STM32CubeIDE/plugins/com.st.stm32cube.ide.mcu.externaltools.gnu-tools-for-stm32.12.3.rel1.win32_1.0.200.202406191623/tools/bin/../lib/gcc/arm-none-eabi/12.3.1/thumb/v6-m/nofp/crti.o
                0x08003bd4                _fini
 .fini          0x08003bd8        0x8 C:/stm.exe/STM32CubeIDE_1.16.1/STM32CubeIDE/plugins/com.st.stm32cube.ide.mcu.externaltools.gnu-tools-for-stm32.12.3.rel1.win32_1.0.200.202406191623/tools/bin/../lib/gcc/arm-none-eabi/12.3.1/thumb/v6-m/nofp/crtn.o
                0x08003be0                        . = ALIGN (0x4)
                0x08003be0                        _etext = .

.vfp11_veneer   0x08003be0        0x0
 .vfp11_veneer  0x08003be0        0x0 linker stubs

.v4_bx          0x08003be0        0x0
 .v4_bx         0x08003be0        0x0 linker stubs

.iplt           0x08003be0        0x0
 .iplt          0x08003be0        0x0 C:/stm.exe/STM32CubeIDE_1.16.1/STM32CubeIDE/plugins/com.st.stm32cube.ide.mcu.externaltools.gnu-tools-for-stm32.12.3.rel1.win32_1.0.200.202406191623/tools/bin/../lib/gcc/arm-none-eabi/12.3.1/thumb/v6-m/nofp/crtbegin.o

.rodata         0x08003be0       0x40
                0x08003be0                        . = ALIGN (0x4)
 *(.rodata)
 .rodata        0x08003be0        0x5 ./Core/Src/main.o
 *(.rodata*)
 *fill*         0x08003be5        0x3 
 .rodata.AHBPrescTable
                0x08003be8       0x10 ./Core/Src/system_stm32f0xx.o
                0x08003be8                AHBPrescTable
 .rodata.APBPrescTable
                0x08003bf8        0x8 ./Core/Src/system_stm32f0xx.o
                0x08003bf8                APBPrescTable
 .rodata.aPLLMULFactorTable.1
                0x08003c00       0x10 ./Drivers/STM32F0xx_HAL_Driver/Src/stm32f0xx_hal_rcc.o
 .rodata.aPredivFactorTable.0
                0x08003c10       0x10 ./Drivers/STM32F0xx_HAL_Driver/Src/stm32f0xx_hal_rcc.o
                0x08003c20                        . = ALIGN (0x4)

.ARM.extab      0x08003c20        0x0
                0x08003c20                        . = ALIGN (0x4)
 *(.ARM.extab* .gnu.linkonce.armextab.*)
                0x08003c20                        . = ALIGN (0x4)

.ARM            0x08003c20        0x0
                0x08003c20                        . = ALIGN (0x4)
                0x08003c20                        __exidx_start = .
 *(.ARM.exidx*)
                0x08003c20                        __exidx_end = .
                0x08003c20                        . = ALIGN (0x4)

.preinit_array  0x08003c20        0x0
                0x08003c20                        . = ALIGN (0x4)
                0x08003c20                        PROVIDE (__preinit_array_start = .)
 *(.preinit_array*)
                0x08003c20                        PROVIDE (__preinit_array_end = .)
                0x08003c20                        . = ALIGN (0x4)

.init_array     0x08003c20        0x4
                0x08003c20                        . = ALIGN (0x4)
                0x08003c20                        PROVIDE (__init_array_start = .)
 *(SORT_BY_NAME(.init_array.*))
 *(.init_array*)
 .init_array    0x08003c20        0x4 C:/stm.exe/STM32CubeIDE_1.16.1/STM32CubeIDE/plugins/com.st.stm32cube.ide.mcu.externaltools.gnu-tools-for-stm32.12.3.rel1.win32_1.0.200.202406191623/tools/bin/../lib/gcc/arm-none-eabi/12.3.1/thumb/v6-m/nofp/crtbegin.o
                0x08003c24                        PROVIDE (__init_array_end = .)
                0x08003c24                        . = ALIGN (0x4)

.fini_array     0x08003c24        0x4
                0x08003c24                        . = ALIGN (0x4)
                [!provide]                        PROVIDE (__fini_array_start = .)
 *(SORT_BY_NAME(.fini_array.*))
 *(.fini_array*)
 .fini_array    0x08003c24        0x4 C:/stm.exe/STM32CubeIDE_1.16.1/STM32CubeIDE/plugins/com.st.stm32cube.ide.mcu.externaltools.gnu-tools-for-stm32.12.3.rel1.win32_1.0.200.202406191623/tools/bin/../lib/gcc/arm-none-eabi/12.3.1/thumb/v6-m/nofp/crtbegin.o
                [!provide]                        PROVIDE (__fini_array_end = .)
                0x08003c28                        . = ALIGN (0x4)
                0x08003c28                        _sidata = LOADADDR (.data)

.rel.dyn        0x08003c28        0x0
 .rel.iplt      0x08003c28        0x0 C:/stm.exe/STM32CubeIDE_1.16.1/STM32CubeIDE/plugins/com.st.stm32cube.ide.mcu.externaltools.gnu-tools-for-stm32.12.3.rel1.win32_1.0.200.202406191623/tools/bin/../lib/gcc/arm-none-eabi/12.3.1/thumb/v6-m/nofp/crtbegin.o

.data           0x20000000        0xc load address 0x08003c28
                0x20000000                        . = ALIGN (0x4)
                0x20000000                        _sdata = .
 *(.data)
 *(.data*)
 .data.SystemCoreClock
                0x20000000        0x4 ./Core/Src/system_stm32f0xx.o
                0x20000000                SystemCoreClock
 .data.uwTickPrio
                0x20000004        0x4 ./Drivers/STM32F0xx_HAL_Driver/Src/stm32f0xx_hal.o
                0x20000004                uwTickPrio
 .data.uwTickFreq
                0x20000008        0x1 ./Drivers/STM32F0xx_HAL_Driver/Src/stm32f0xx_hal.o
                0x20000008                uwTickFreq
 *(.RamFunc)
 *(.RamFunc*)
                0x2000000c                        . = ALIGN (0x4)
 *fill*         0x20000009        0x3 
                0x2000000c                        _edata = .

.igot.plt       0x2000000c        0x0 load address 0x08003c34
 .igot.plt      0x2000000c        0x0 C:/stm.exe/STM32CubeIDE_1.16.1/STM32CubeIDE/plugins/com.st.stm32cube.ide.mcu.externaltools.gnu-tools-for-stm32.12.3.rel1.win32_1.0.200.202406191623/tools/bin/../lib/gcc/arm-none-eabi/12.3.1/thumb/v6-m/nofp/crtbegin.o
                0x2000000c                        . = ALIGN (0x4)

.bss            0x2000000c      0x4c8 load address 0x08003c34
                0x2000000c                        _sbss = .
                0x2000000c                        __bss_start__ = _sbss
 *(.bss)
 .bss           0x2000000c       0x1c C:/stm.exe/STM32CubeIDE_1.16.1/STM32CubeIDE/plugins/com.st.stm32cube.ide.mcu.externaltools.gnu-tools-for-stm32.12.3.rel1.win32_1.0.200.202406191623/tools/bin/../lib/gcc/arm-none-eabi/12.3.1/thumb/v6-m/nofp/crtbegin.o
 *(.bss*)
 .bss.data_rx   0x20000028        0x1 ./Core/Src/main.o
                0x20000028                data_rx
 *fill*         0x20000029        0x3 
 .bss.hi2c2     0x2000002c       0x54 ./Core/Src/main.o
                0x2000002c                hi2c2
 .bss.hspi2     0x20000080       0x64 ./Core/Src/main.o
                0x20000080                hspi2
 .bss.htsc      0x200000e4       0x44 ./Core/Src/main.o
                0x200000e4                htsc
 .bss.huart1    0x20000128       0x88 ./Core/Src/main.o
                0x20000128                huart1
 .bss.hpcd_USB_FS
                0x200001b0      0x2dc ./Core/Src/main.o
                0x200001b0                hpcd_USB_FS
 .bss.uart1MainBuf
                0x2000048c       0x40 ./Core/Src/main.o
                0x2000048c                uart1MainBuf
 .bss.uart1rxLen
                0x200004cc        0x1 ./Core/Src/main.o
                0x200004cc                uart1rxLen
 .bss.uart1CallbackComplete
                0x200004cd        0x1 ./Core/Src/main.o
                0x200004cd                uart1CallbackComplete
 *fill*         0x200004ce        0x2 
 .bss.uwTick    0x200004d0        0x4 ./Drivers/STM32F0xx_HAL_Driver/Src/stm32f0xx_hal.o
                0x200004d0                uwTick
 *(COMMON)
                0x200004d4                        . = ALIGN (0x4)
                0x200004d4                        _ebss = .
                0x200004d4                        __bss_end__ = _ebss

._user_heap_stack
                0x200004d4      0x604 load address 0x08003c34
                0x200004d8                        . = ALIGN (0x8)
 *fill*         0x200004d4        0x4 
                [!provide]                        PROVIDE (end = .)
                0x200004d8                        PROVIDE (_end = .)
                0x200006d8                        . = (. + _Min_Heap_Size)
 *fill*         0x200004d8      0x200 
                0x20000ad8                        . = (. + _Min_Stack_Size)
 *fill*         0x200006d8      0x400 
                0x20000ad8                        . = ALIGN (0x8)

/DISCARD/
 libc.a(*)
 libm.a(*)
 libgcc.a(*)

.ARM.attributes
                0x00000000       0x28
 *(.ARM.attributes)
 .ARM.attributes
                0x00000000       0x1e C:/stm.exe/STM32CubeIDE_1.16.1/STM32CubeIDE/plugins/com.st.stm32cube.ide.mcu.externaltools.gnu-tools-for-stm32.12.3.rel1.win32_1.0.200.202406191623/tools/bin/../lib/gcc/arm-none-eabi/12.3.1/thumb/v6-m/nofp/crti.o
 .ARM.attributes
                0x0000001e       0x2c C:/stm.exe/STM32CubeIDE_1.16.1/STM32CubeIDE/plugins/com.st.stm32cube.ide.mcu.externaltools.gnu-tools-for-stm32.12.3.rel1.win32_1.0.200.202406191623/tools/bin/../lib/gcc/arm-none-eabi/12.3.1/thumb/v6-m/nofp/crtbegin.o
 .ARM.attributes
                0x0000004a       0x2c ./Core/Src/main.o
 .ARM.attributes
                0x00000076       0x2c ./Core/Src/stm32f0xx_hal_msp.o
 .ARM.attributes
                0x000000a2       0x2c ./Core/Src/stm32f0xx_it.o
 .ARM.attributes
                0x000000ce       0x2c ./Core/Src/system_stm32f0xx.o
 .ARM.attributes
                0x000000fa       0x21 ./Core/Startup/startup_stm32f072rbtx.o
 .ARM.attributes
                0x0000011b       0x2c ./Drivers/STM32F0xx_HAL_Driver/Src/stm32f0xx_hal.o
 .ARM.attributes
                0x00000147       0x2c ./Drivers/STM32F0xx_HAL_Driver/Src/stm32f0xx_hal_cortex.o
 .ARM.attributes
                0x00000173       0x2c ./Drivers/STM32F0xx_HAL_Driver/Src/stm32f0xx_hal_dma.o
 .ARM.attributes
                0x0000019f       0x2c ./Drivers/STM32F0xx_HAL_Driver/Src/stm32f0xx_hal_gpio.o
 .ARM.attributes
                0x000001cb       0x2c ./Drivers/STM32F0xx_HAL_Driver/Src/stm32f0xx_hal_i2c.o
 .ARM.attributes
                0x000001f7       0x2c ./Drivers/STM32F0xx_HAL_Driver/Src/stm32f0xx_hal_i2c_ex.o
 .ARM.attributes
                0x00000223       0x2c ./Drivers/STM32F0xx_HAL_Driver/Src/stm32f0xx_hal_pcd.o
 .ARM.attributes
                0x0000024f       0x2c ./Drivers/STM32F0xx_HAL_Driver/Src/stm32f0xx_hal_pcd_ex.o
 .ARM.attributes
                0x0000027b       0x2c ./Drivers/STM32F0xx_HAL_Driver/Src/stm32f0xx_hal_rcc.o
 .ARM.attributes
                0x000002a7       0x2c ./Drivers/STM32F0xx_HAL_Driver/Src/stm32f0xx_hal_rcc_ex.o
 .ARM.attributes
                0x000002d3       0x2c ./Drivers/STM32F0xx_HAL_Driver/Src/stm32f0xx_hal_spi.o
 .ARM.attributes
                0x000002ff       0x2c ./Drivers/STM32F0xx_HAL_Driver/Src/stm32f0xx_hal_tsc.o
 .ARM.attributes
                0x0000032b       0x2c ./Drivers/STM32F0xx_HAL_Driver/Src/stm32f0xx_hal_uart.o
 .ARM.attributes
                0x00000357       0x2c ./Drivers/STM32F0xx_HAL_Driver/Src/stm32f0xx_hal_uart_ex.o
 .ARM.attributes
                0x00000383       0x2c ./Drivers/STM32F0xx_HAL_Driver/Src/stm32f0xx_ll_usb.o
 .ARM.attributes
                0x000003af       0x2c C:/stm.exe/STM32CubeIDE_1.16.1/STM32CubeIDE/plugins/com.st.stm32cube.ide.mcu.externaltools.gnu-tools-for-stm32.12.3.rel1.win32_1.0.200.202406191623/tools/bin/../lib/gcc/arm-none-eabi/12.3.1/../../../../arm-none-eabi/lib/thumb/v6-m/nofp\libc_nano.a(libc_a-memset.o)
 .ARM.attributes
                0x000003db       0x2c C:/stm.exe/STM32CubeIDE_1.16.1/STM32CubeIDE/plugins/com.st.stm32cube.ide.mcu.externaltools.gnu-tools-for-stm32.12.3.rel1.win32_1.0.200.202406191623/tools/bin/../lib/gcc/arm-none-eabi/12.3.1/../../../../arm-none-eabi/lib/thumb/v6-m/nofp\libc_nano.a(libc_a-init.o)
 .ARM.attributes
                0x00000407       0x1e C:/stm.exe/STM32CubeIDE_1.16.1/STM32CubeIDE/plugins/com.st.stm32cube.ide.mcu.externaltools.gnu-tools-for-stm32.12.3.rel1.win32_1.0.200.202406191623/tools/bin/../lib/gcc/arm-none-eabi/12.3.1/thumb/v6-m/nofp\libgcc.a(_udivsi3.o)
 .ARM.attributes
                0x00000425       0x1e C:/stm.exe/STM32CubeIDE_1.16.1/STM32CubeIDE/plugins/com.st.stm32cube.ide.mcu.externaltools.gnu-tools-for-stm32.12.3.rel1.win32_1.0.200.202406191623/tools/bin/../lib/gcc/arm-none-eabi/12.3.1/thumb/v6-m/nofp\libgcc.a(_dvmd_tls.o)
 .ARM.attributes
                0x00000443       0x1e C:/stm.exe/STM32CubeIDE_1.16.1/STM32CubeIDE/plugins/com.st.stm32cube.ide.mcu.externaltools.gnu-tools-for-stm32.12.3.rel1.win32_1.0.200.202406191623/tools/bin/../lib/gcc/arm-none-eabi/12.3.1/thumb/v6-m/nofp/crtn.o
OUTPUT(uart_0.elf elf32-littlearm)
LOAD linker stubs
LOAD C:/stm.exe/STM32CubeIDE_1.16.1/STM32CubeIDE/plugins/com.st.stm32cube.ide.mcu.externaltools.gnu-tools-for-stm32.12.3.rel1.win32_1.0.200.202406191623/tools/bin/../lib/gcc/arm-none-eabi/12.3.1/../../../../arm-none-eabi/lib/thumb/v6-m/nofp\libc.a
LOAD C:/stm.exe/STM32CubeIDE_1.16.1/STM32CubeIDE/plugins/com.st.stm32cube.ide.mcu.externaltools.gnu-tools-for-stm32.12.3.rel1.win32_1.0.200.202406191623/tools/bin/../lib/gcc/arm-none-eabi/12.3.1/../../../../arm-none-eabi/lib/thumb/v6-m/nofp\libm.a
LOAD C:/stm.exe/STM32CubeIDE_1.16.1/STM32CubeIDE/plugins/com.st.stm32cube.ide.mcu.externaltools.gnu-tools-for-stm32.12.3.rel1.win32_1.0.200.202406191623/tools/bin/../lib/gcc/arm-none-eabi/12.3.1/thumb/v6-m/nofp\libgcc.a

.debug_info     0x00000000    0x126fb
 .debug_info    0x00000000     0x1a9b ./Core/Src/main.o
 .debug_info    0x00001a9b     0x18d6 ./Core/Src/stm32f0xx_hal_msp.o
 .debug_info    0x00003371      0x6b3 ./Core/Src/stm32f0xx_it.o
 .debug_info    0x00003a24      0x242 ./Core/Src/system_stm32f0xx.o
 .debug_info    0x00003c66       0x30 ./Core/Startup/startup_stm32f072rbtx.o
 .debug_info    0x00003c96      0x6c9 ./Drivers/STM32F0xx_HAL_Driver/Src/stm32f0xx_hal.o
 .debug_info    0x0000435f      0x6c5 ./Drivers/STM32F0xx_HAL_Driver/Src/stm32f0xx_hal_cortex.o
 .debug_info    0x00004a24      0x6ea ./Drivers/STM32F0xx_HAL_Driver/Src/stm32f0xx_hal_dma.o
 .debug_info    0x0000510e      0x5a6 ./Drivers/STM32F0xx_HAL_Driver/Src/stm32f0xx_hal_gpio.o
 .debug_info    0x000056b4     0x20c5 ./Drivers/STM32F0xx_HAL_Driver/Src/stm32f0xx_hal_i2c.o
 .debug_info    0x00007779      0x824 ./Drivers/STM32F0xx_HAL_Driver/Src/stm32f0xx_hal_i2c_ex.o
 .debug_info    0x00007f9d     0x161d ./Drivers/STM32F0xx_HAL_Driver/Src/stm32f0xx_hal_pcd.o
 .debug_info    0x000095ba      0x80a ./Drivers/STM32F0xx_HAL_Driver/Src/stm32f0xx_hal_pcd_ex.o
 .debug_info    0x00009dc4      0x83f ./Drivers/STM32F0xx_HAL_Driver/Src/stm32f0xx_hal_rcc.o
 .debug_info    0x0000a603      0x61c ./Drivers/STM32F0xx_HAL_Driver/Src/stm32f0xx_hal_rcc_ex.o
 .debug_info    0x0000ac1f     0x1618 ./Drivers/STM32F0xx_HAL_Driver/Src/stm32f0xx_hal_spi.o
 .debug_info    0x0000c237      0x729 ./Drivers/STM32F0xx_HAL_Driver/Src/stm32f0xx_hal_tsc.o
 .debug_info    0x0000c960     0x3aa2 ./Drivers/STM32F0xx_HAL_Driver/Src/stm32f0xx_hal_uart.o
 .debug_info    0x00010402      0xc8c ./Drivers/STM32F0xx_HAL_Driver/Src/stm32f0xx_hal_uart_ex.o
 .debug_info    0x0001108e     0x166d ./Drivers/STM32F0xx_HAL_Driver/Src/stm32f0xx_ll_usb.o

.debug_abbrev   0x00000000     0x29b5
 .debug_abbrev  0x00000000      0x2e1 ./Core/Src/main.o
 .debug_abbrev  0x000002e1      0x252 ./Core/Src/stm32f0xx_hal_msp.o
 .debug_abbrev  0x00000533      0x173 ./Core/Src/stm32f0xx_it.o
 .debug_abbrev  0x000006a6      0x11c ./Core/Src/system_stm32f0xx.o
 .debug_abbrev  0x000007c2       0x24 ./Core/Startup/startup_stm32f072rbtx.o
 .debug_abbrev  0x000007e6      0x213 ./Drivers/STM32F0xx_HAL_Driver/Src/stm32f0xx_hal.o
 .debug_abbrev  0x000009f9      0x28c ./Drivers/STM32F0xx_HAL_Driver/Src/stm32f0xx_hal_cortex.o
 .debug_abbrev  0x00000c85      0x224 ./Drivers/STM32F0xx_HAL_Driver/Src/stm32f0xx_hal_dma.o
 .debug_abbrev  0x00000ea9      0x1cb ./Drivers/STM32F0xx_HAL_Driver/Src/stm32f0xx_hal_gpio.o
 .debug_abbrev  0x00001074      0x261 ./Drivers/STM32F0xx_HAL_Driver/Src/stm32f0xx_hal_i2c.o
 .debug_abbrev  0x000012d5      0x1c3 ./Drivers/STM32F0xx_HAL_Driver/Src/stm32f0xx_hal_i2c_ex.o
 .debug_abbrev  0x00001498      0x2b9 ./Drivers/STM32F0xx_HAL_Driver/Src/stm32f0xx_hal_pcd.o
 .debug_abbrev  0x00001751      0x228 ./Drivers/STM32F0xx_HAL_Driver/Src/stm32f0xx_hal_pcd_ex.o
 .debug_abbrev  0x00001979      0x28c ./Drivers/STM32F0xx_HAL_Driver/Src/stm32f0xx_hal_rcc.o
 .debug_abbrev  0x00001c05      0x1a6 ./Drivers/STM32F0xx_HAL_Driver/Src/stm32f0xx_hal_rcc_ex.o
 .debug_abbrev  0x00001dab      0x269 ./Drivers/STM32F0xx_HAL_Driver/Src/stm32f0xx_hal_spi.o
 .debug_abbrev  0x00002014      0x1e4 ./Drivers/STM32F0xx_HAL_Driver/Src/stm32f0xx_hal_tsc.o
 .debug_abbrev  0x000021f8      0x2cd ./Drivers/STM32F0xx_HAL_Driver/Src/stm32f0xx_hal_uart.o
 .debug_abbrev  0x000024c5      0x2a9 ./Drivers/STM32F0xx_HAL_Driver/Src/stm32f0xx_hal_uart_ex.o
 .debug_abbrev  0x0000276e      0x247 ./Drivers/STM32F0xx_HAL_Driver/Src/stm32f0xx_ll_usb.o

.debug_aranges  0x00000000      0xf38
 .debug_aranges
                0x00000000       0x70 ./Core/Src/main.o
 .debug_aranges
                0x00000070       0x70 ./Core/Src/stm32f0xx_hal_msp.o
 .debug_aranges
                0x000000e0       0x48 ./Core/Src/stm32f0xx_it.o
 .debug_aranges
                0x00000128       0x28 ./Core/Src/system_stm32f0xx.o
 .debug_aranges
                0x00000150       0x28 ./Core/Startup/startup_stm32f072rbtx.o
 .debug_aranges
                0x00000178       0xd0 ./Drivers/STM32F0xx_HAL_Driver/Src/stm32f0xx_hal.o
 .debug_aranges
                0x00000248       0xc0 ./Drivers/STM32F0xx_HAL_Driver/Src/stm32f0xx_hal_cortex.o
 .debug_aranges
                0x00000308       0x88 ./Drivers/STM32F0xx_HAL_Driver/Src/stm32f0xx_hal_dma.o
 .debug_aranges
                0x00000390       0x58 ./Drivers/STM32F0xx_HAL_Driver/Src/stm32f0xx_hal_gpio.o
 .debug_aranges
                0x000003e8      0x2a0 ./Drivers/STM32F0xx_HAL_Driver/Src/stm32f0xx_hal_i2c.o
 .debug_aranges
                0x00000688       0x48 ./Drivers/STM32F0xx_HAL_Driver/Src/stm32f0xx_hal_i2c_ex.o
 .debug_aranges
                0x000006d0      0x138 ./Drivers/STM32F0xx_HAL_Driver/Src/stm32f0xx_hal_pcd.o
 .debug_aranges
                0x00000808       0x58 ./Drivers/STM32F0xx_HAL_Driver/Src/stm32f0xx_hal_pcd_ex.o
 .debug_aranges
                0x00000860       0x80 ./Drivers/STM32F0xx_HAL_Driver/Src/stm32f0xx_hal_rcc.o
 .debug_aranges
                0x000008e0       0x78 ./Drivers/STM32F0xx_HAL_Driver/Src/stm32f0xx_hal_rcc_ex.o
 .debug_aranges
                0x00000958      0x1d8 ./Drivers/STM32F0xx_HAL_Driver/Src/stm32f0xx_hal_spi.o
 .debug_aranges
                0x00000b30       0xa8 ./Drivers/STM32F0xx_HAL_Driver/Src/stm32f0xx_hal_tsc.o
 .debug_aranges
                0x00000bd8      0x228 ./Drivers/STM32F0xx_HAL_Driver/Src/stm32f0xx_hal_uart.o
 .debug_aranges
                0x00000e00       0x70 ./Drivers/STM32F0xx_HAL_Driver/Src/stm32f0xx_hal_uart_ex.o
 .debug_aranges
                0x00000e70       0xc8 ./Drivers/STM32F0xx_HAL_Driver/Src/stm32f0xx_ll_usb.o

.debug_rnglists
                0x00000000      0xbdc
 .debug_rnglists
                0x00000000       0x53 ./Core/Src/main.o
 .debug_rnglists
                0x00000053       0x53 ./Core/Src/stm32f0xx_hal_msp.o
 .debug_rnglists
                0x000000a6       0x31 ./Core/Src/stm32f0xx_it.o
 .debug_rnglists
                0x000000d7       0x1a ./Core/Src/system_stm32f0xx.o
 .debug_rnglists
                0x000000f1       0x19 ./Core/Startup/startup_stm32f072rbtx.o
 .debug_rnglists
                0x0000010a       0x97 ./Drivers/STM32F0xx_HAL_Driver/Src/stm32f0xx_hal.o
 .debug_rnglists
                0x000001a1       0x8c ./Drivers/STM32F0xx_HAL_Driver/Src/stm32f0xx_hal_cortex.o
 .debug_rnglists
                0x0000022d       0x6a ./Drivers/STM32F0xx_HAL_Driver/Src/stm32f0xx_hal_dma.o
 .debug_rnglists
                0x00000297       0x3f ./Drivers/STM32F0xx_HAL_Driver/Src/stm32f0xx_hal_gpio.o
 .debug_rnglists
                0x000002d6      0x229 ./Drivers/STM32F0xx_HAL_Driver/Src/stm32f0xx_hal_i2c.o
 .debug_rnglists
                0x000004ff       0x35 ./Drivers/STM32F0xx_HAL_Driver/Src/stm32f0xx_hal_i2c_ex.o
 .debug_rnglists
                0x00000534       0xee ./Drivers/STM32F0xx_HAL_Driver/Src/stm32f0xx_hal_pcd.o
 .debug_rnglists
                0x00000622       0x3f ./Drivers/STM32F0xx_HAL_Driver/Src/stm32f0xx_hal_pcd_ex.o
 .debug_rnglists
                0x00000661       0x61 ./Drivers/STM32F0xx_HAL_Driver/Src/stm32f0xx_hal_rcc.o
 .debug_rnglists
                0x000006c2       0x5b ./Drivers/STM32F0xx_HAL_Driver/Src/stm32f0xx_hal_rcc_ex.o
 .debug_rnglists
                0x0000071d      0x17a ./Drivers/STM32F0xx_HAL_Driver/Src/stm32f0xx_hal_spi.o
 .debug_rnglists
                0x00000897       0x7d ./Drivers/STM32F0xx_HAL_Driver/Src/stm32f0xx_hal_tsc.o
 .debug_rnglists
                0x00000914      0x1db ./Drivers/STM32F0xx_HAL_Driver/Src/stm32f0xx_hal_uart.o
 .debug_rnglists
                0x00000aef       0x54 ./Drivers/STM32F0xx_HAL_Driver/Src/stm32f0xx_hal_uart_ex.o
 .debug_rnglists
                0x00000b43       0x99 ./Drivers/STM32F0xx_HAL_Driver/Src/stm32f0xx_ll_usb.o

.debug_macro    0x00000000    0x1a9e6
 .debug_macro   0x00000000      0x2d7 ./Core/Src/main.o
 .debug_macro   0x000002d7      0xa8a ./Core/Src/main.o
 .debug_macro   0x00000d61      0x13f ./Core/Src/main.o
 .debug_macro   0x00000ea0       0x2e ./Core/Src/main.o
 .debug_macro   0x00000ece       0x22 ./Core/Src/main.o
 .debug_macro   0x00000ef0       0x22 ./Core/Src/main.o
 .debug_macro   0x00000f12       0x8e ./Core/Src/main.o
 .debug_macro   0x00000fa0       0x51 ./Core/Src/main.o
 .debug_macro   0x00000ff1      0x103 ./Core/Src/main.o
 .debug_macro   0x000010f4       0x6a ./Core/Src/main.o
 .debug_macro   0x0000115e      0x1df ./Core/Src/main.o
 .debug_macro   0x0000133d       0x1c ./Core/Src/main.o
 .debug_macro   0x00001359       0x22 ./Core/Src/main.o
 .debug_macro   0x0000137b       0xaf ./Core/Src/main.o
 .debug_macro   0x0000142a      0x391 ./Core/Src/main.o
 .debug_macro   0x000017bb     0xfe73 ./Core/Src/main.o
 .debug_macro   0x0001162e       0x66 ./Core/Src/main.o
 .debug_macro   0x00011694     0x34da ./Core/Src/main.o
 .debug_macro   0x00014b6e      0x189 ./Core/Src/main.o
 .debug_macro   0x00014cf7       0x55 ./Core/Src/main.o
 .debug_macro   0x00014d4c      0x946 ./Core/Src/main.o
 .debug_macro   0x00015692      0x5f3 ./Core/Src/main.o
 .debug_macro   0x00015c85      0x1ae ./Core/Src/main.o
 .debug_macro   0x00015e33      0x1a7 ./Core/Src/main.o
 .debug_macro   0x00015fda      0x1a7 ./Core/Src/main.o
 .debug_macro   0x00016181      0x22c ./Core/Src/main.o
 .debug_macro   0x000163ad       0x34 ./Core/Src/main.o
 .debug_macro   0x000163e1       0x43 ./Core/Src/main.o
 .debug_macro   0x00016424       0x28 ./Core/Src/main.o
 .debug_macro   0x0001644c       0xb0 ./Core/Src/main.o
 .debug_macro   0x000164fc      0x217 ./Core/Src/main.o
 .debug_macro   0x00016713      0x22c ./Core/Src/main.o
 .debug_macro   0x0001693f       0x61 ./Core/Src/main.o
 .debug_macro   0x000169a0       0xa5 ./Core/Src/main.o
 .debug_macro   0x00016a45       0x73 ./Core/Src/main.o
 .debug_macro   0x00016ab8      0x22d ./Core/Src/main.o
 .debug_macro   0x00016ce5       0x4c ./Core/Src/main.o
 .debug_macro   0x00016d31      0x16d ./Core/Src/main.o
 .debug_macro   0x00016e9e      0x2fe ./Core/Src/main.o
 .debug_macro   0x0001719c      0x3d7 ./Core/Src/main.o
 .debug_macro   0x00017573      0x5ba ./Core/Src/main.o
 .debug_macro   0x00017b2d       0x44 ./Core/Src/main.o
 .debug_macro   0x00017b71      0x130 ./Core/Src/main.o
 .debug_macro   0x00017ca1       0xdc ./Core/Src/main.o
 .debug_macro   0x00017d7d       0x61 ./Core/Src/main.o
 .debug_macro   0x00017dde       0x24 ./Core/Src/main.o
 .debug_macro   0x00017e02       0x43 ./Core/Src/main.o
 .debug_macro   0x00017e45       0x34 ./Core/Src/main.o
 .debug_macro   0x00017e79       0x16 ./Core/Src/main.o
 .debug_macro   0x00017e8f       0x43 ./Core/Src/main.o
 .debug_macro   0x00017ed2       0x34 ./Core/Src/main.o
 .debug_macro   0x00017f06       0x10 ./Core/Src/main.o
 .debug_macro   0x00017f16       0x58 ./Core/Src/main.o
 .debug_macro   0x00017f6e       0x8e ./Core/Src/main.o
 .debug_macro   0x00017ffc       0x1c ./Core/Src/main.o
 .debug_macro   0x00018018      0x177 ./Core/Src/main.o
 .debug_macro   0x0001818f      0x369 ./Core/Src/main.o
 .debug_macro   0x000184f8       0x10 ./Core/Src/main.o
 .debug_macro   0x00018508       0x35 ./Core/Src/main.o
 .debug_macro   0x0001853d       0x20 ./Core/Src/main.o
 .debug_macro   0x0001855d       0x22 ./Core/Src/main.o
 .debug_macro   0x0001857f      0x200 ./Core/Src/stm32f0xx_hal_msp.o
 .debug_macro   0x0001877f      0x20a ./Core/Src/stm32f0xx_it.o
 .debug_macro   0x00018989      0x1f1 ./Core/Src/system_stm32f0xx.o
 .debug_macro   0x00018b7a      0x215 ./Drivers/STM32F0xx_HAL_Driver/Src/stm32f0xx_hal.o
 .debug_macro   0x00018d8f      0x1f1 ./Drivers/STM32F0xx_HAL_Driver/Src/stm32f0xx_hal_cortex.o
 .debug_macro   0x00018f80      0x1f1 ./Drivers/STM32F0xx_HAL_Driver/Src/stm32f0xx_hal_dma.o
 .debug_macro   0x00019171      0x1f8 ./Drivers/STM32F0xx_HAL_Driver/Src/stm32f0xx_hal_gpio.o
 .debug_macro   0x00019369      0x2bd ./Drivers/STM32F0xx_HAL_Driver/Src/stm32f0xx_hal_i2c.o
 .debug_macro   0x00019626      0x1f1 ./Drivers/STM32F0xx_HAL_Driver/Src/stm32f0xx_hal_i2c_ex.o
 .debug_macro   0x00019817      0x1fd ./Drivers/STM32F0xx_HAL_Driver/Src/stm32f0xx_hal_pcd.o
 .debug_macro   0x00019a14      0x1f1 ./Drivers/STM32F0xx_HAL_Driver/Src/stm32f0xx_hal_pcd_ex.o
 .debug_macro   0x00019c05      0x203 ./Drivers/STM32F0xx_HAL_Driver/Src/stm32f0xx_hal_rcc.o
 .debug_macro   0x00019e08      0x203 ./Drivers/STM32F0xx_HAL_Driver/Src/stm32f0xx_hal_rcc_ex.o
 .debug_macro   0x0001a00b      0x1f9 ./Drivers/STM32F0xx_HAL_Driver/Src/stm32f0xx_hal_spi.o
 .debug_macro   0x0001a204      0x1f2 ./Drivers/STM32F0xx_HAL_Driver/Src/stm32f0xx_hal_tsc.o
 .debug_macro   0x0001a3f6      0x20e ./Drivers/STM32F0xx_HAL_Driver/Src/stm32f0xx_hal_uart.o
 .debug_macro   0x0001a604      0x1f1 ./Drivers/STM32F0xx_HAL_Driver/Src/stm32f0xx_hal_uart_ex.o
 .debug_macro   0x0001a7f5      0x1f1 ./Drivers/STM32F0xx_HAL_Driver/Src/stm32f0xx_ll_usb.o

.debug_line     0x00000000    0x1480f
 .debug_line    0x00000000      0xc7a ./Core/Src/main.o
 .debug_line    0x00000c7a      0x953 ./Core/Src/stm32f0xx_hal_msp.o
 .debug_line    0x000015cd      0x829 ./Core/Src/stm32f0xx_it.o
 .debug_line    0x00001df6      0x834 ./Core/Src/system_stm32f0xx.o
 .debug_line    0x0000262a       0x7b ./Core/Startup/startup_stm32f072rbtx.o
 .debug_line    0x000026a5      0xa27 ./Drivers/STM32F0xx_HAL_Driver/Src/stm32f0xx_hal.o
 .debug_line    0x000030cc      0xad3 ./Drivers/STM32F0xx_HAL_Driver/Src/stm32f0xx_hal_cortex.o
 .debug_line    0x00003b9f      0xd4b ./Drivers/STM32F0xx_HAL_Driver/Src/stm32f0xx_hal_dma.o
 .debug_line    0x000048ea      0xbd5 ./Drivers/STM32F0xx_HAL_Driver/Src/stm32f0xx_hal_gpio.o
 .debug_line    0x000054bf     0x3ae1 ./Drivers/STM32F0xx_HAL_Driver/Src/stm32f0xx_hal_i2c.o
 .debug_line    0x00008fa0      0x9ca ./Drivers/STM32F0xx_HAL_Driver/Src/stm32f0xx_hal_i2c_ex.o
 .debug_line    0x0000996a     0x1412 ./Drivers/STM32F0xx_HAL_Driver/Src/stm32f0xx_hal_pcd.o
 .debug_line    0x0000ad7c      0x946 ./Drivers/STM32F0xx_HAL_Driver/Src/stm32f0xx_hal_pcd_ex.o
 .debug_line    0x0000b6c2      0xeb4 ./Drivers/STM32F0xx_HAL_Driver/Src/stm32f0xx_hal_rcc.o
 .debug_line    0x0000c576      0xccf ./Drivers/STM32F0xx_HAL_Driver/Src/stm32f0xx_hal_rcc_ex.o
 .debug_line    0x0000d245     0x1fa8 ./Drivers/STM32F0xx_HAL_Driver/Src/stm32f0xx_hal_spi.o
 .debug_line    0x0000f1ed      0xc41 ./Drivers/STM32F0xx_HAL_Driver/Src/stm32f0xx_hal_tsc.o
 .debug_line    0x0000fe2e     0x2d27 ./Drivers/STM32F0xx_HAL_Driver/Src/stm32f0xx_hal_uart.o
 .debug_line    0x00012b55      0xc3a ./Drivers/STM32F0xx_HAL_Driver/Src/stm32f0xx_hal_uart_ex.o
 .debug_line    0x0001378f     0x1080 ./Drivers/STM32F0xx_HAL_Driver/Src/stm32f0xx_ll_usb.o

.debug_str      0x00000000    0x997aa
 .debug_str     0x00000000    0x95ea8 ./Core/Src/main.o
                              0x96270 (size before relaxing)
 .debug_str     0x00095ea8      0x28e ./Core/Src/stm32f0xx_hal_msp.o
                              0x92fe3 (size before relaxing)
 .debug_str     0x00096136       0xa8 ./Core/Src/stm32f0xx_it.o
                              0x92363 (size before relaxing)
 .debug_str     0x000961de       0x8b ./Core/Src/system_stm32f0xx.o
                              0x91c13 (size before relaxing)
 .debug_str     0x00096269       0x44 ./Core/Startup/startup_stm32f072rbtx.o
                                 0x70 (size before relaxing)
 .debug_str     0x000962ad      0x37a ./Drivers/STM32F0xx_HAL_Driver/Src/stm32f0xx_hal.o
                              0x92209 (size before relaxing)
 .debug_str     0x00096627      0x179 ./Drivers/STM32F0xx_HAL_Driver/Src/stm32f0xx_hal_cortex.o
                              0x91ffa (size before relaxing)
 .debug_str     0x000967a0      0x24d ./Drivers/STM32F0xx_HAL_Driver/Src/stm32f0xx_hal_dma.o
                              0x91fb9 (size before relaxing)
 .debug_str     0x000969ed      0x113 ./Drivers/STM32F0xx_HAL_Driver/Src/stm32f0xx_hal_gpio.o
                              0x91db4 (size before relaxing)
 .debug_str     0x00096b00      0xe38 ./Drivers/STM32F0xx_HAL_Driver/Src/stm32f0xx_hal_i2c.o
                              0x92f71 (size before relaxing)
 .debug_str     0x00097938       0xb8 ./Drivers/STM32F0xx_HAL_Driver/Src/stm32f0xx_hal_i2c_ex.o
                              0x92171 (size before relaxing)
 .debug_str     0x000979f0      0x556 ./Drivers/STM32F0xx_HAL_Driver/Src/stm32f0xx_hal_pcd.o
                              0x924de (size before relaxing)
 .debug_str     0x00097f46      0x186 ./Drivers/STM32F0xx_HAL_Driver/Src/stm32f0xx_hal_pcd_ex.o
                              0x9211a (size before relaxing)
 .debug_str     0x000980cc      0x20f ./Drivers/STM32F0xx_HAL_Driver/Src/stm32f0xx_hal_rcc.o
                              0x9205a (size before relaxing)
 .debug_str     0x000982db      0x2af ./Drivers/STM32F0xx_HAL_Driver/Src/stm32f0xx_hal_rcc_ex.o
                              0x92012 (size before relaxing)
 .debug_str     0x0009858a      0x549 ./Drivers/STM32F0xx_HAL_Driver/Src/stm32f0xx_hal_spi.o
                              0x92583 (size before relaxing)
 .debug_str     0x00098ad3      0x247 ./Drivers/STM32F0xx_HAL_Driver/Src/stm32f0xx_hal_tsc.o
                              0x92021 (size before relaxing)
 .debug_str     0x00098d1a      0x805 ./Drivers/STM32F0xx_HAL_Driver/Src/stm32f0xx_hal_uart.o
                              0x92977 (size before relaxing)
 .debug_str     0x0009951f      0x1b8 ./Drivers/STM32F0xx_HAL_Driver/Src/stm32f0xx_hal_uart_ex.o
                              0x922a8 (size before relaxing)
 .debug_str     0x000996d7       0xd3 ./Drivers/STM32F0xx_HAL_Driver/Src/stm32f0xx_ll_usb.o
                              0x9201b (size before relaxing)

.comment        0x00000000       0x43
 .comment       0x00000000       0x43 ./Core/Src/main.o
                                 0x44 (size before relaxing)
 .comment       0x00000043       0x44 ./Core/Src/stm32f0xx_hal_msp.o
 .comment       0x00000043       0x44 ./Core/Src/stm32f0xx_it.o
 .comment       0x00000043       0x44 ./Core/Src/system_stm32f0xx.o
 .comment       0x00000043       0x44 ./Drivers/STM32F0xx_HAL_Driver/Src/stm32f0xx_hal.o
 .comment       0x00000043       0x44 ./Drivers/STM32F0xx_HAL_Driver/Src/stm32f0xx_hal_cortex.o
 .comment       0x00000043       0x44 ./Drivers/STM32F0xx_HAL_Driver/Src/stm32f0xx_hal_dma.o
 .comment       0x00000043       0x44 ./Drivers/STM32F0xx_HAL_Driver/Src/stm32f0xx_hal_gpio.o
 .comment       0x00000043       0x44 ./Drivers/STM32F0xx_HAL_Driver/Src/stm32f0xx_hal_i2c.o
 .comment       0x00000043       0x44 ./Drivers/STM32F0xx_HAL_Driver/Src/stm32f0xx_hal_i2c_ex.o
 .comment       0x00000043       0x44 ./Drivers/STM32F0xx_HAL_Driver/Src/stm32f0xx_hal_pcd.o
 .comment       0x00000043       0x44 ./Drivers/STM32F0xx_HAL_Driver/Src/stm32f0xx_hal_pcd_ex.o
 .comment       0x00000043       0x44 ./Drivers/STM32F0xx_HAL_Driver/Src/stm32f0xx_hal_rcc.o
 .comment       0x00000043       0x44 ./Drivers/STM32F0xx_HAL_Driver/Src/stm32f0xx_hal_rcc_ex.o
 .comment       0x00000043       0x44 ./Drivers/STM32F0xx_HAL_Driver/Src/stm32f0xx_hal_spi.o
 .comment       0x00000043       0x44 ./Drivers/STM32F0xx_HAL_Driver/Src/stm32f0xx_hal_tsc.o
 .comment       0x00000043       0x44 ./Drivers/STM32F0xx_HAL_Driver/Src/stm32f0xx_hal_uart.o
 .comment       0x00000043       0x44 ./Drivers/STM32F0xx_HAL_Driver/Src/stm32f0xx_hal_uart_ex.o
 .comment       0x00000043       0x44 ./Drivers/STM32F0xx_HAL_Driver/Src/stm32f0xx_ll_usb.o

.debug_frame    0x00000000     0x3644
 .debug_frame   0x00000000      0x154 ./Core/Src/main.o
 .debug_frame   0x00000154      0x170 ./Core/Src/stm32f0xx_hal_msp.o
 .debug_frame   0x000002c4       0xb8 ./Core/Src/stm32f0xx_it.o
 .debug_frame   0x0000037c       0x4c ./Core/Src/system_stm32f0xx.o
 .debug_frame   0x000003c8      0x2a4 ./Drivers/STM32F0xx_HAL_Driver/Src/stm32f0xx_hal.o
 .debug_frame   0x0000066c      0x2a0 ./Drivers/STM32F0xx_HAL_Driver/Src/stm32f0xx_hal_cortex.o
 .debug_frame   0x0000090c      0x1d0 ./Drivers/STM32F0xx_HAL_Driver/Src/stm32f0xx_hal_dma.o
 .debug_frame   0x00000adc      0x110 ./Drivers/STM32F0xx_HAL_Driver/Src/stm32f0xx_hal_gpio.o
 .debug_frame   0x00000bec      0xa68 ./Drivers/STM32F0xx_HAL_Driver/Src/stm32f0xx_hal_i2c.o
 .debug_frame   0x00001654       0xd0 ./Drivers/STM32F0xx_HAL_Driver/Src/stm32f0xx_hal_i2c_ex.o
 .debug_frame   0x00001724      0x498 ./Drivers/STM32F0xx_HAL_Driver/Src/stm32f0xx_hal_pcd.o
 .debug_frame   0x00001bbc      0x110 ./Drivers/STM32F0xx_HAL_Driver/Src/stm32f0xx_hal_pcd_ex.o
 .debug_frame   0x00001ccc      0x198 ./Drivers/STM32F0xx_HAL_Driver/Src/stm32f0xx_hal_rcc.o
 .debug_frame   0x00001e64      0x180 ./Drivers/STM32F0xx_HAL_Driver/Src/stm32f0xx_hal_rcc_ex.o
 .debug_frame   0x00001fe4      0x710 ./Drivers/STM32F0xx_HAL_Driver/Src/stm32f0xx_hal_spi.o
 .debug_frame   0x000026f4      0x250 ./Drivers/STM32F0xx_HAL_Driver/Src/stm32f0xx_hal_tsc.o
 .debug_frame   0x00002944      0x850 ./Drivers/STM32F0xx_HAL_Driver/Src/stm32f0xx_hal_uart.o
 .debug_frame   0x00003194      0x174 ./Drivers/STM32F0xx_HAL_Driver/Src/stm32f0xx_hal_uart_ex.o
 .debug_frame   0x00003308      0x2d0 ./Drivers/STM32F0xx_HAL_Driver/Src/stm32f0xx_ll_usb.o
 .debug_frame   0x000035d8       0x20 C:/stm.exe/STM32CubeIDE_1.16.1/STM32CubeIDE/plugins/com.st.stm32cube.ide.mcu.externaltools.gnu-tools-for-stm32.12.3.rel1.win32_1.0.200.202406191623/tools/bin/../lib/gcc/arm-none-eabi/12.3.1/../../../../arm-none-eabi/lib/thumb/v6-m/nofp\libc_nano.a(libc_a-memset.o)
 .debug_frame   0x000035f8       0x2c C:/stm.exe/STM32CubeIDE_1.16.1/STM32CubeIDE/plugins/com.st.stm32cube.ide.mcu.externaltools.gnu-tools-for-stm32.12.3.rel1.win32_1.0.200.202406191623/tools/bin/../lib/gcc/arm-none-eabi/12.3.1/../../../../arm-none-eabi/lib/thumb/v6-m/nofp\libc_nano.a(libc_a-init.o)
 .debug_frame   0x00003624       0x20 C:/stm.exe/STM32CubeIDE_1.16.1/STM32CubeIDE/plugins/com.st.stm32cube.ide.mcu.externaltools.gnu-tools-for-stm32.12.3.rel1.win32_1.0.200.202406191623/tools/bin/../lib/gcc/arm-none-eabi/12.3.1/thumb/v6-m/nofp\libgcc.a(_udivsi3.o)

.debug_line_str
                0x00000000       0x54
 .debug_line_str
                0x00000000       0x54 ./Core/Startup/startup_stm32f072rbtx.o
