../Core/Src/main.c:81:5:main	8	static
../Core/Src/main.c:133:6:SendPongMessage	16	static
../Core/Src/main.c:138:6:HAL_TIM_PeriodElapsedCallback	16	static
../Core/Src/main.c:148:6:SystemClock_Config	112	static
../Core/Src/main.c:197:13:MX_I2C2_Init	8	static
../Core/Src/main.c:245:13:MX_SPI2_Init	8	static
../Core/Src/main.c:285:13:MX_TIM6_Init	16	static
../Core/Src/main.c:323:13:MX_TSC_Init	8	static
../Core/Src/main.c:366:13:MX_USART1_UART_Init	8	static
../Core/Src/main.c:401:13:MX_USB_PCD_Init	8	static
../Core/Src/main.c:433:13:MX_GPIO_Init	48	static
../Core/Src/main.c:482:6:Error_Handler	8	static,ignoring_inline_asm
